2025/06/23 23:16:12 - mmengine - INFO - 
------------------------------------------------------------
System environment:
    sys.platform: linux
    Python: 3.9.21 (main, Dec 11 2024, 16:24:11) [GCC 11.2.0]
    CUDA available: True
    MUSA available: False
    numpy_random_seed: 183769707
    GPU 0: NVIDIA GeForce RTX 4090
    CUDA_HOME: /usr/local/cuda
    NVCC: Cuda compilation tools, release 12.2, V12.2.140
    GCC: gcc (Ubuntu 9.4.0-1ubuntu1~20.04.2) 9.4.0
    PyTorch: 2.1.2+cu121
    PyTorch compiling details: PyTorch built with:
  - GCC 9.3
  - C++ Version: 201703
  - Intel(R) oneAPI Math Kernel Library Version 2022.2-Product Build 20220804 for Intel(R) 64 architecture applications
  - Intel(R) MKL-DNN v3.1.1 (Git Hash 64f6bcbcbab628e96f33a62c3e975f8535a7bde4)
  - OpenMP 201511 (a.k.a. OpenMP 4.5)
  - LAPACK is enabled (usually provided by MKL)
  - NNPACK is enabled
  - CPU capability usage: AVX2
  - CUDA Runtime 12.1
  - NVCC architecture flags: -gencode;arch=compute_50,code=sm_50;-gencode;arch=compute_60,code=sm_60;-gencode;arch=compute_70,code=sm_70;-gencode;arch=compute_75,code=sm_75;-gencode;arch=compute_80,code=sm_80;-gencode;arch=compute_86,code=sm_86;-gencode;arch=compute_90,code=sm_90
  - CuDNN 8.9.2
  - Magma 2.6.1
  - Build settings: BLAS_INFO=mkl, BUILD_TYPE=Release, CUDA_VERSION=12.1, CUDNN_VERSION=8.9.2, CXX_COMPILER=/opt/rh/devtoolset-9/root/usr/bin/c++, CXX_FLAGS= -D_GLIBCXX_USE_CXX11_ABI=0 -fabi-version=11 -fvisibility-inlines-hidden -DUSE_PTHREADPOOL -DNDEBUG -DUSE_KINETO -DLIBKINETO_NOROCTRACER -DUSE_FBGEMM -DUSE_QNNPACK -DUSE_PYTORCH_QNNPACK -DUSE_XNNPACK -DSYMBOLICATE_MOBILE_DEBUG_HANDLE -O2 -fPIC -Wall -Wextra -Werror=return-type -Werror=non-virtual-dtor -Werror=bool-operation -Wnarrowing -Wno-missing-field-initializers -Wno-type-limits -Wno-array-bounds -Wno-unknown-pragmas -Wno-unused-parameter -Wno-unused-function -Wno-unused-result -Wno-strict-overflow -Wno-strict-aliasing -Wno-stringop-overflow -Wno-psabi -Wno-error=pedantic -Wno-error=old-style-cast -Wno-invalid-partial-specialization -Wno-unused-private-field -Wno-aligned-allocation-unavailable -Wno-missing-braces -fdiagnostics-color=always -faligned-new -Wno-unused-but-set-variable -Wno-maybe-uninitialized -fno-math-errno -fno-trapping-math -Werror=format -Werror=cast-function-type -Wno-stringop-overflow, LAPACK_INFO=mkl, PERF_WITH_AVX=1, PERF_WITH_AVX2=1, PERF_WITH_AVX512=1, TORCH_DISABLE_GPU_ASSERTS=ON, TORCH_VERSION=2.1.2, USE_CUDA=ON, USE_CUDNN=ON, USE_EXCEPTION_PTR=1, USE_GFLAGS=OFF, USE_GLOG=OFF, USE_MKL=ON, USE_MKLDNN=ON, USE_MPI=OFF, USE_NCCL=1, USE_NNPACK=ON, USE_OPENMP=ON, USE_ROCM=OFF, 

    TorchVision: 0.16.2+cu121
    OpenCV: 4.6.0
    MMEngine: 0.10.4

Runtime environment:
    cudnn_benchmark: True
    mp_cfg: {'mp_start_method': 'fork', 'opencv_num_threads': 0}
    dist_cfg: {'backend': 'nccl'}
    seed: 183769707
    Distributed launcher: none
    Distributed training: False
    GPU number: 1
------------------------------------------------------------

2025/06/23 23:16:13 - mmengine - INFO - Config:
custom_hooks = [
    dict(
        interval=20,
        metric_key='mIoU',
        rule='greater',
        type='SaveTrainableModulesHook'),
]
data_root = ''
dataset_type = 'InriaDataset'
default_hooks = dict(
    checkpoint=dict(
        interval=1000, rule='greater', save_best='mIoU',
        type='CheckpointHook'),
    logger=dict(interval=1, log_metric_by_epoch=False, type='LoggerHook'),
    param_scheduler=dict(type='ParamSchedulerHook'),
    sampler_seed=dict(type='DistSamplerSeedHook'),
    timer=dict(type='IterTimerHook'),
    visualization=dict(interval=1, type='SegVisualizationHook'))
default_scope = 'mmseg'
env_cfg = dict(
    cudnn_benchmark=True,
    dist_cfg=dict(backend='nccl'),
    mp_cfg=dict(mp_start_method='fork', opencv_num_threads=0))
launcher = 'none'
load_from = None
log_level = 'DEBUG'
log_processor = dict(by_epoch=False)
model = dict(
    clip_type='CLIP',
    cls_token_lambda=-0.3,
    feature_cls_token_lambda=0,
    feature_up=True,
    feature_up_cfg=dict(
        model_name='jbu_one',
        model_path='simfeatup_dev/weights/xclip_jbu_one_million_aid.ckpt'),
    ignore_residual=True,
    isFusion=False,
    model_type='SegEarth',
    name_path='./configs/cls_inria.txt',
    prob_thd=0.6,
    type='SegEarthSegmentation',
    vit_type='ViT-B/16')
optim_wrapper = dict(
    optimizer=dict(lr=0.001, type='Adam'), type='OptimWrapper')
param_scheduler = dict(
    by_epoch=True, gamma=0.2, milestones=[
        80,
    ], type='MultiStepLR')
resume = False
test_cfg = dict(type='TestLoop')
test_dataloader = dict(
    batch_size=1,
    dataset=dict(
        data_prefix=dict(
            img_path='/data/SegEarth-OV/data/Inria/img_dir/split_test',
            seg_map_path='/data/SegEarth-OV/data/Inria/ann_dir/split_test'),
        data_root='',
        pipeline=[
            dict(type='LoadImageFromFile'),
            dict(keep_ratio=True, scale=(
                448,
                448,
            ), type='Resize'),
            dict(type='LoadAnnotations'),
            dict(type='PackSegInputs'),
        ],
        type='InriaDataset'),
    num_workers=4,
    persistent_workers=True,
    sampler=dict(shuffle=False, type='DefaultSampler'))
test_evaluator = dict(
    iou_metrics=[
        'mIoU',
    ], type='IoUMetric')
test_pipeline = [
    dict(type='LoadImageFromFile'),
    dict(keep_ratio=True, scale=(
        448,
        448,
    ), type='Resize'),
    dict(type='LoadAnnotations'),
    dict(type='PackSegInputs'),
]
train_cfg = dict(max_epochs=120, type='EpochBasedTrainLoop', val_interval=20)
train_dataloader = dict(
    batch_size=1,
    dataset=dict(
        data_prefix=dict(
            img_path='/data/SegEarth-OV/data/Inria/img_dir/split_train',
            seg_map_path='/data/SegEarth-OV/data/Inria/ann_dir/split_train'),
        data_root='',
        pipeline=[
            dict(type='LoadImageFromFile'),
            dict(type='LoadAnnotations'),
            dict(keep_ratio=True, scale=(
                448,
                448,
            ), type='Resize'),
            dict(prob=0.5, type='RandomFlip'),
            dict(type='PhotoMetricDistortion'),
            dict(type='PackSegInputs'),
        ],
        type='InriaDataset'),
    num_workers=4,
    persistent_workers=True,
    sampler=dict(shuffle=True, type='DefaultSampler'))
train_pipeline = [
    dict(type='LoadImageFromFile'),
    dict(type='LoadAnnotations'),
    dict(keep_ratio=True, scale=(
        448,
        448,
    ), type='Resize'),
    dict(prob=0.5, type='RandomFlip'),
    dict(type='PhotoMetricDistortion'),
    dict(type='PackSegInputs'),
]
val_cfg = dict(type='ValLoop')
val_dataloader = dict(
    batch_size=1,
    dataset=dict(
        data_prefix=dict(
            img_path='/data/SegEarth-OV/data/Inria/img_dir/split_test',
            seg_map_path='/data/SegEarth-OV/data/Inria/ann_dir/split_test'),
        data_root='',
        pipeline=[
            dict(type='LoadImageFromFile'),
            dict(keep_ratio=True, scale=(
                448,
                448,
            ), type='Resize'),
            dict(type='LoadAnnotations'),
            dict(type='PackSegInputs'),
        ],
        type='InriaDataset'),
    num_workers=4,
    persistent_workers=True,
    sampler=dict(shuffle=False, type='DefaultSampler'))
val_evaluator = dict(
    iou_metrics=[
        'mIoU',
    ], type='IoUMetric')
val_pipeline = [
    dict(type='LoadImageFromFile'),
    dict(keep_ratio=True, scale=(
        448,
        448,
    ), type='Resize'),
    dict(type='LoadAnnotations'),
    dict(type='PackSegInputs'),
]
vis_backends = [
    dict(type='LocalVisBackend'),
]
visualizer = dict(
    alpha=0.5,
    name='visualizer',
    type='SegLocalVisualizer',
    vis_backends=[
        dict(type='LocalVisBackend'),
    ])
work_dir = './train_logs/'

2025/06/23 23:16:13 - mmengine - DEBUG - Modules of mmseg's visualizer registry have been automatically imported from mmseg.visualization
2025/06/23 23:16:13 - mmengine - DEBUG - Get class `SegLocalVisualizer` from "visualizer" registry in "mmseg"
2025/06/23 23:16:13 - mmengine - DEBUG - Modules of mmseg's vis_backend registry have been automatically imported from mmseg.visualization
2025/06/23 23:16:13 - mmengine - DEBUG - Get class `LocalVisBackend` from "vis_backend" registry in "mmengine"
2025/06/23 23:16:13 - mmengine - DEBUG - An `LocalVisBackend` instance is built from registry, and its implementation can be found in mmengine.visualization.vis_backend
2025/06/23 23:16:13 - mmengine - DEBUG - An `SegLocalVisualizer` instance is built from registry, and its implementation can be found in mmseg.visualization.local_visualizer
2025/06/23 23:16:13 - mmengine - DEBUG - Attribute `_env_initialized` is not defined in <class 'mmengine.visualization.vis_backend.LocalVisBackend'> or `<class 'mmengine.visualization.vis_backend.LocalVisBackend'>._env_initialized is False, `_init_env` will be called and <class 'mmengine.visualization.vis_backend.LocalVisBackend'>._env_initialized will be set to True
2025/06/23 23:16:13 - mmengine - DEBUG - Modules of mmseg's model registry have been automatically imported from mmseg.models
2025/06/23 23:16:13 - mmengine - DEBUG - Get class `SegEarthSegmentation` from "model" registry in "mmseg"
2025/06/23 23:16:17 - mmengine - DEBUG - An `SegEarthSegmentation` instance is built from registry, and its implementation can be found in segearth_segmentor
2025/06/23 23:16:17 - mmengine - INFO - Distributed training is not used, all SyncBatchNorm (SyncBN) layers in the model will be automatically reverted to BatchNormXd layers if they are used.
2025/06/23 23:16:17 - mmengine - DEBUG - Modules of mmseg's hook registry have been automatically imported from mmseg.engine.hooks
2025/06/23 23:16:17 - mmengine - DEBUG - Get class `RuntimeInfoHook` from "hook" registry in "mmengine"
2025/06/23 23:16:17 - mmengine - DEBUG - An `RuntimeInfoHook` instance is built from registry, and its implementation can be found in mmengine.hooks.runtime_info_hook
2025/06/23 23:16:17 - mmengine - DEBUG - Get class `IterTimerHook` from "hook" registry in "mmengine"
2025/06/23 23:16:17 - mmengine - DEBUG - An `IterTimerHook` instance is built from registry, and its implementation can be found in mmengine.hooks.iter_timer_hook
2025/06/23 23:16:17 - mmengine - DEBUG - Get class `DistSamplerSeedHook` from "hook" registry in "mmengine"
2025/06/23 23:16:17 - mmengine - DEBUG - An `DistSamplerSeedHook` instance is built from registry, and its implementation can be found in mmengine.hooks.sampler_seed_hook
2025/06/23 23:16:17 - mmengine - DEBUG - Get class `LoggerHook` from "hook" registry in "mmengine"
2025/06/23 23:16:17 - mmengine - DEBUG - An `LoggerHook` instance is built from registry, and its implementation can be found in mmengine.hooks.logger_hook
2025/06/23 23:16:17 - mmengine - DEBUG - Get class `ParamSchedulerHook` from "hook" registry in "mmengine"
2025/06/23 23:16:17 - mmengine - DEBUG - An `ParamSchedulerHook` instance is built from registry, and its implementation can be found in mmengine.hooks.param_scheduler_hook
2025/06/23 23:16:17 - mmengine - DEBUG - Get class `CheckpointHook` from "hook" registry in "mmengine"
2025/06/23 23:16:17 - mmengine - DEBUG - An `CheckpointHook` instance is built from registry, and its implementation can be found in mmengine.hooks.checkpoint_hook
2025/06/23 23:16:17 - mmengine - DEBUG - Get class `SegVisualizationHook` from "hook" registry in "mmseg"
2025/06/23 23:16:17 - mmengine - DEBUG - An `SegVisualizationHook` instance is built from registry, and its implementation can be found in mmseg.engine.hooks.visualization_hook
2025/06/23 23:16:17 - mmengine - DEBUG - Get class `SaveTrainableModulesHook` from "hook" registry in "mmengine"
2025/06/23 23:16:17 - mmengine - DEBUG - An `SaveTrainableModulesHook` instance is built from registry, and its implementation can be found in Hook
2025/06/23 23:16:17 - mmengine - INFO - Hooks will be executed in the following order:
before_run:
(VERY_HIGH   ) RuntimeInfoHook                    
(BELOW_NORMAL) LoggerHook                         
 -------------------- 
before_train:
(VERY_HIGH   ) RuntimeInfoHook                    
(NORMAL      ) IterTimerHook                      
(VERY_LOW    ) CheckpointHook                     
 -------------------- 
before_train_epoch:
(VERY_HIGH   ) RuntimeInfoHook                    
(NORMAL      ) IterTimerHook                      
(NORMAL      ) DistSamplerSeedHook                
 -------------------- 
before_train_iter:
(VERY_HIGH   ) RuntimeInfoHook                    
(NORMAL      ) IterTimerHook                      
 -------------------- 
after_train_iter:
(VERY_HIGH   ) RuntimeInfoHook                    
(NORMAL      ) IterTimerHook                      
(NORMAL      ) SegVisualizationHook               
(BELOW_NORMAL) LoggerHook                         
(LOW         ) ParamSchedulerHook                 
(VERY_LOW    ) CheckpointHook                     
 -------------------- 
after_train_epoch:
(NORMAL      ) IterTimerHook                      
(NORMAL      ) SaveTrainableModulesHook           
(LOW         ) ParamSchedulerHook                 
(VERY_LOW    ) CheckpointHook                     
 -------------------- 
before_val:
(VERY_HIGH   ) RuntimeInfoHook                    
 -------------------- 
before_val_epoch:
(NORMAL      ) IterTimerHook                      
 -------------------- 
before_val_iter:
(NORMAL      ) IterTimerHook                      
 -------------------- 
after_val_iter:
(NORMAL      ) IterTimerHook                      
(NORMAL      ) SegVisualizationHook               
(BELOW_NORMAL) LoggerHook                         
 -------------------- 
after_val_epoch:
(VERY_HIGH   ) RuntimeInfoHook                    
(NORMAL      ) IterTimerHook                      
(NORMAL      ) SaveTrainableModulesHook           
(BELOW_NORMAL) LoggerHook                         
(LOW         ) ParamSchedulerHook                 
(VERY_LOW    ) CheckpointHook                     
 -------------------- 
after_val:
(VERY_HIGH   ) RuntimeInfoHook                    
 -------------------- 
after_train:
(VERY_HIGH   ) RuntimeInfoHook                    
(VERY_LOW    ) CheckpointHook                     
 -------------------- 
before_test:
(VERY_HIGH   ) RuntimeInfoHook                    
 -------------------- 
before_test_epoch:
(NORMAL      ) IterTimerHook                      
 -------------------- 
before_test_iter:
(NORMAL      ) IterTimerHook                      
 -------------------- 
after_test_iter:
(NORMAL      ) IterTimerHook                      
(NORMAL      ) SegVisualizationHook               
(BELOW_NORMAL) LoggerHook                         
 -------------------- 
after_test_epoch:
(VERY_HIGH   ) RuntimeInfoHook                    
(NORMAL      ) IterTimerHook                      
(BELOW_NORMAL) LoggerHook                         
 -------------------- 
after_test:
(VERY_HIGH   ) RuntimeInfoHook                    
 -------------------- 
after_run:
(BELOW_NORMAL) LoggerHook                         
 -------------------- 
2025/06/23 23:16:17 - mmengine - DEBUG - The "loop" registry in mmseg did not set import location. Fallback to call `mmseg.utils.register_all_modules` instead.
2025/06/23 23:16:17 - mmengine - DEBUG - Get class `EpochBasedTrainLoop` from "loop" registry in "mmengine"
2025/06/23 23:16:17 - mmengine - DEBUG - Modules of mmseg's dataset registry have been automatically imported from mmseg.datasets
2025/06/23 23:16:17 - mmengine - DEBUG - Get class `InriaDataset` from "dataset" registry in "mmseg"
2025/06/23 23:16:17 - mmengine - DEBUG - Modules of mmseg's transform registry have been automatically imported from mmseg.datasets.transforms
2025/06/23 23:16:17 - mmengine - DEBUG - Get class `LoadImageFromFile` from "transform" registry in "mmengine"
2025/06/23 23:16:17 - mmengine - DEBUG - An `LoadImageFromFile` instance is built from registry, and its implementation can be found in mmcv.transforms.loading
2025/06/23 23:16:17 - mmengine - DEBUG - Get class `LoadAnnotations` from "transform" registry in "mmseg"
2025/06/23 23:16:17 - mmengine - DEBUG - An `LoadAnnotations` instance is built from registry, and its implementation can be found in mmseg.datasets.transforms.loading
2025/06/23 23:16:17 - mmengine - DEBUG - Get class `Resize` from "transform" registry in "mmseg"
2025/06/23 23:16:17 - mmengine - DEBUG - An `Resize` instance is built from registry, and its implementation can be found in mmseg.datasets.transforms.transforms
2025/06/23 23:16:17 - mmengine - DEBUG - Get class `RandomFlip` from "transform" registry in "mmseg"
2025/06/23 23:16:17 - mmengine - DEBUG - An `RandomFlip` instance is built from registry, and its implementation can be found in mmseg.datasets.transforms.transforms
2025/06/23 23:16:17 - mmengine - DEBUG - Get class `PhotoMetricDistortion` from "transform" registry in "mmseg"
2025/06/23 23:16:17 - mmengine - DEBUG - An `PhotoMetricDistortion` instance is built from registry, and its implementation can be found in mmseg.datasets.transforms.transforms
2025/06/23 23:16:17 - mmengine - DEBUG - Get class `PackSegInputs` from "transform" registry in "mmseg"
2025/06/23 23:16:17 - mmengine - DEBUG - An `PackSegInputs` instance is built from registry, and its implementation can be found in mmseg.datasets.transforms.formatting
2025/06/23 23:16:18 - mmengine - DEBUG - An `InriaDataset` instance is built from registry, and its implementation can be found in custom_datasets
2025/06/23 23:16:18 - mmengine - DEBUG - The "data sampler" registry in mmseg did not set import location. Fallback to call `mmseg.utils.register_all_modules` instead.
2025/06/23 23:16:18 - mmengine - DEBUG - Get class `DefaultSampler` from "data sampler" registry in "mmengine"
2025/06/23 23:16:18 - mmengine - DEBUG - An `DefaultSampler` instance is built from registry, and its implementation can be found in mmengine.dataset.sampler
2025/06/23 23:16:18 - mmengine - DEBUG - Get class `pseudo_collate` from "function" registry in "mmengine"
2025/06/23 23:16:18 - mmengine - DEBUG - An `EpochBasedTrainLoop` instance is built from registry, and its implementation can be found in mmengine.runner.loops
2025/06/23 23:16:18 - mmengine - DEBUG - Modules of mmseg's optimizer wrapper constructor registry have been automatically imported from mmseg.engine.optimizers
2025/06/23 23:16:18 - mmengine - DEBUG - Get class `DefaultOptimWrapperConstructor` from "optimizer wrapper constructor" registry in "mmengine"
2025/06/23 23:16:18 - mmengine - DEBUG - An `DefaultOptimWrapperConstructor` instance is built from registry, and its implementation can be found in mmengine.optim.optimizer.default_constructor
2025/06/23 23:16:18 - mmengine - DEBUG - Modules of mmseg's optimizer registry have been automatically imported from mmseg.engine.optimizers
2025/06/23 23:16:18 - mmengine - DEBUG - Get class `Adam` from "optimizer" registry in "mmengine"
2025/06/23 23:16:18 - mmengine - DEBUG - Get class `Adam` from "optimizer" registry in "mmengine"
2025/06/23 23:16:18 - mmengine - DEBUG - An `Adam` instance is built from registry, and its implementation can be found in torch.optim.adam
2025/06/23 23:16:18 - mmengine - DEBUG - Modules of mmseg's optim_wrapper registry have been automatically imported from mmseg.engine.optimizers
2025/06/23 23:16:18 - mmengine - DEBUG - Get class `OptimWrapper` from "optim_wrapper" registry in "mmengine"
2025/06/23 23:16:18 - mmengine - DEBUG - An `OptimWrapper` instance is built from registry, and its implementation can be found in mmengine.optim.optimizer.optimizer_wrapper
2025/06/23 23:16:18 - mmengine - DEBUG - The `end` of MultiStepLR is not set. Use the max epochs/iters of train loop as default.
2025/06/23 23:16:18 - mmengine - DEBUG - Modules of mmseg's parameter scheduler registry have been automatically imported from mmseg.engine.schedulers
2025/06/23 23:16:18 - mmengine - DEBUG - Get class `MultiStepLR` from "parameter scheduler" registry in "mmengine"
2025/06/23 23:16:18 - mmengine - DEBUG - An `MultiStepLR` instance is built from registry, and its implementation can be found in mmengine.optim.scheduler.lr_scheduler
2025/06/23 23:16:18 - mmengine - DEBUG - Get class `ValLoop` from "loop" registry in "mmengine"
2025/06/23 23:16:18 - mmengine - DEBUG - Get class `InriaDataset` from "dataset" registry in "mmseg"
2025/06/23 23:16:18 - mmengine - DEBUG - Get class `LoadImageFromFile` from "transform" registry in "mmengine"
2025/06/23 23:16:18 - mmengine - DEBUG - An `LoadImageFromFile` instance is built from registry, and its implementation can be found in mmcv.transforms.loading
2025/06/23 23:16:18 - mmengine - DEBUG - Get class `Resize` from "transform" registry in "mmseg"
2025/06/23 23:16:18 - mmengine - DEBUG - An `Resize` instance is built from registry, and its implementation can be found in mmseg.datasets.transforms.transforms
2025/06/23 23:16:18 - mmengine - DEBUG - Get class `LoadAnnotations` from "transform" registry in "mmseg"
2025/06/23 23:16:18 - mmengine - DEBUG - An `LoadAnnotations` instance is built from registry, and its implementation can be found in mmseg.datasets.transforms.loading
2025/06/23 23:16:18 - mmengine - DEBUG - Get class `PackSegInputs` from "transform" registry in "mmseg"
2025/06/23 23:16:18 - mmengine - DEBUG - An `PackSegInputs` instance is built from registry, and its implementation can be found in mmseg.datasets.transforms.formatting
2025/06/23 23:16:18 - mmengine - DEBUG - An `InriaDataset` instance is built from registry, and its implementation can be found in custom_datasets
2025/06/23 23:16:18 - mmengine - DEBUG - Get class `DefaultSampler` from "data sampler" registry in "mmengine"
2025/06/23 23:16:18 - mmengine - DEBUG - An `DefaultSampler` instance is built from registry, and its implementation can be found in mmengine.dataset.sampler
2025/06/23 23:16:18 - mmengine - DEBUG - Get class `pseudo_collate` from "function" registry in "mmengine"
2025/06/23 23:16:18 - mmengine - DEBUG - Modules of mmseg's metric registry have been automatically imported from mmseg.evaluation
2025/06/23 23:16:18 - mmengine - DEBUG - Get class `IoUMetric` from "metric" registry in "mmseg"
2025/06/23 23:16:18 - mmengine - WARNING - The prefix is not set in metric class IoUMetric.
2025/06/23 23:16:18 - mmengine - DEBUG - An `IoUMetric` instance is built from registry, and its implementation can be found in mmseg.evaluation.metrics.iou_metric
2025/06/23 23:16:18 - mmengine - DEBUG - An `ValLoop` instance is built from registry, and its implementation can be found in mmengine.runner.loops
Name of parameter - Initialization information

net.positional_embedding - torch.Size([77, 512]): 
The value is the same before and after calling `init_weights` of SegEarthSegmentation  

net.text_projection - torch.Size([512, 512]): 
The value is the same before and after calling `init_weights` of SegEarthSegmentation  

net.logit_scale - torch.Size([]): 
The value is the same before and after calling `init_weights` of SegEarthSegmentation  

net.visual.class_embedding - torch.Size([768]): 
The value is the same before and after calling `init_weights` of SegEarthSegmentation  

net.visual.positional_embedding - torch.Size([197, 768]): 
The value is the same before and after calling `init_weights` of SegEarthSegmentation  

net.visual.proj - torch.Size([768, 512]): 
The value is the same before and after calling `init_weights` of SegEarthSegmentation  

net.visual.conv1.weight - torch.Size([768, 3, 16, 16]): 
The value is the same before and after calling `init_weights` of SegEarthSegmentation  

net.visual.ln_pre.weight - torch.Size([768]): 
The value is the same before and after calling `init_weights` of SegEarthSegmentation  

net.visual.ln_pre.bias - torch.Size([768]): 
The value is the same before and after calling `init_weights` of SegEarthSegmentation  

net.visual.transformer.resblocks.0.ln_1.weight - torch.Size([768]): 
The value is the same before and after calling `init_weights` of SegEarthSegmentation  

net.visual.transformer.resblocks.0.ln_1.bias - torch.Size([768]): 
The value is the same before and after calling `init_weights` of SegEarthSegmentation  

net.visual.transformer.resblocks.0.attn.in_proj_weight - torch.Size([2304, 768]): 
The value is the same before and after calling `init_weights` of SegEarthSegmentation  

net.visual.transformer.resblocks.0.attn.in_proj_bias - torch.Size([2304]): 
The value is the same before and after calling `init_weights` of SegEarthSegmentation  

net.visual.transformer.resblocks.0.attn.out_proj.weight - torch.Size([768, 768]): 
The value is the same before and after calling `init_weights` of SegEarthSegmentation  

net.visual.transformer.resblocks.0.attn.out_proj.bias - torch.Size([768]): 
The value is the same before and after calling `init_weights` of SegEarthSegmentation  

net.visual.transformer.resblocks.0.ln_2.weight - torch.Size([768]): 
The value is the same before and after calling `init_weights` of SegEarthSegmentation  

net.visual.transformer.resblocks.0.ln_2.bias - torch.Size([768]): 
The value is the same before and after calling `init_weights` of SegEarthSegmentation  

net.visual.transformer.resblocks.0.mlp.c_fc.weight - torch.Size([3072, 768]): 
The value is the same before and after calling `init_weights` of SegEarthSegmentation  

net.visual.transformer.resblocks.0.mlp.c_fc.bias - torch.Size([3072]): 
The value is the same before and after calling `init_weights` of SegEarthSegmentation  

net.visual.transformer.resblocks.0.mlp.c_proj.weight - torch.Size([768, 3072]): 
The value is the same before and after calling `init_weights` of SegEarthSegmentation  

net.visual.transformer.resblocks.0.mlp.c_proj.bias - torch.Size([768]): 
The value is the same before and after calling `init_weights` of SegEarthSegmentation  

net.visual.transformer.resblocks.1.ln_1.weight - torch.Size([768]): 
The value is the same before and after calling `init_weights` of SegEarthSegmentation  

net.visual.transformer.resblocks.1.ln_1.bias - torch.Size([768]): 
The value is the same before and after calling `init_weights` of SegEarthSegmentation  

net.visual.transformer.resblocks.1.attn.in_proj_weight - torch.Size([2304, 768]): 
The value is the same before and after calling `init_weights` of SegEarthSegmentation  

net.visual.transformer.resblocks.1.attn.in_proj_bias - torch.Size([2304]): 
The value is the same before and after calling `init_weights` of SegEarthSegmentation  

net.visual.transformer.resblocks.1.attn.out_proj.weight - torch.Size([768, 768]): 
The value is the same before and after calling `init_weights` of SegEarthSegmentation  

net.visual.transformer.resblocks.1.attn.out_proj.bias - torch.Size([768]): 
The value is the same before and after calling `init_weights` of SegEarthSegmentation  

net.visual.transformer.resblocks.1.ln_2.weight - torch.Size([768]): 
The value is the same before and after calling `init_weights` of SegEarthSegmentation  

net.visual.transformer.resblocks.1.ln_2.bias - torch.Size([768]): 
The value is the same before and after calling `init_weights` of SegEarthSegmentation  

net.visual.transformer.resblocks.1.mlp.c_fc.weight - torch.Size([3072, 768]): 
The value is the same before and after calling `init_weights` of SegEarthSegmentation  

net.visual.transformer.resblocks.1.mlp.c_fc.bias - torch.Size([3072]): 
The value is the same before and after calling `init_weights` of SegEarthSegmentation  

net.visual.transformer.resblocks.1.mlp.c_proj.weight - torch.Size([768, 3072]): 
The value is the same before and after calling `init_weights` of SegEarthSegmentation  

net.visual.transformer.resblocks.1.mlp.c_proj.bias - torch.Size([768]): 
The value is the same before and after calling `init_weights` of SegEarthSegmentation  

net.visual.transformer.resblocks.2.ln_1.weight - torch.Size([768]): 
The value is the same before and after calling `init_weights` of SegEarthSegmentation  

net.visual.transformer.resblocks.2.ln_1.bias - torch.Size([768]): 
The value is the same before and after calling `init_weights` of SegEarthSegmentation  

net.visual.transformer.resblocks.2.attn.in_proj_weight - torch.Size([2304, 768]): 
The value is the same before and after calling `init_weights` of SegEarthSegmentation  

net.visual.transformer.resblocks.2.attn.in_proj_bias - torch.Size([2304]): 
The value is the same before and after calling `init_weights` of SegEarthSegmentation  

net.visual.transformer.resblocks.2.attn.out_proj.weight - torch.Size([768, 768]): 
The value is the same before and after calling `init_weights` of SegEarthSegmentation  

net.visual.transformer.resblocks.2.attn.out_proj.bias - torch.Size([768]): 
The value is the same before and after calling `init_weights` of SegEarthSegmentation  

net.visual.transformer.resblocks.2.ln_2.weight - torch.Size([768]): 
The value is the same before and after calling `init_weights` of SegEarthSegmentation  

net.visual.transformer.resblocks.2.ln_2.bias - torch.Size([768]): 
The value is the same before and after calling `init_weights` of SegEarthSegmentation  

net.visual.transformer.resblocks.2.mlp.c_fc.weight - torch.Size([3072, 768]): 
The value is the same before and after calling `init_weights` of SegEarthSegmentation  

net.visual.transformer.resblocks.2.mlp.c_fc.bias - torch.Size([3072]): 
The value is the same before and after calling `init_weights` of SegEarthSegmentation  

net.visual.transformer.resblocks.2.mlp.c_proj.weight - torch.Size([768, 3072]): 
The value is the same before and after calling `init_weights` of SegEarthSegmentation  

net.visual.transformer.resblocks.2.mlp.c_proj.bias - torch.Size([768]): 
The value is the same before and after calling `init_weights` of SegEarthSegmentation  

net.visual.transformer.resblocks.3.ln_1.weight - torch.Size([768]): 
The value is the same before and after calling `init_weights` of SegEarthSegmentation  

net.visual.transformer.resblocks.3.ln_1.bias - torch.Size([768]): 
The value is the same before and after calling `init_weights` of SegEarthSegmentation  

net.visual.transformer.resblocks.3.attn.in_proj_weight - torch.Size([2304, 768]): 
The value is the same before and after calling `init_weights` of SegEarthSegmentation  

net.visual.transformer.resblocks.3.attn.in_proj_bias - torch.Size([2304]): 
The value is the same before and after calling `init_weights` of SegEarthSegmentation  

net.visual.transformer.resblocks.3.attn.out_proj.weight - torch.Size([768, 768]): 
The value is the same before and after calling `init_weights` of SegEarthSegmentation  

net.visual.transformer.resblocks.3.attn.out_proj.bias - torch.Size([768]): 
The value is the same before and after calling `init_weights` of SegEarthSegmentation  

net.visual.transformer.resblocks.3.ln_2.weight - torch.Size([768]): 
The value is the same before and after calling `init_weights` of SegEarthSegmentation  

net.visual.transformer.resblocks.3.ln_2.bias - torch.Size([768]): 
The value is the same before and after calling `init_weights` of SegEarthSegmentation  

net.visual.transformer.resblocks.3.mlp.c_fc.weight - torch.Size([3072, 768]): 
The value is the same before and after calling `init_weights` of SegEarthSegmentation  

net.visual.transformer.resblocks.3.mlp.c_fc.bias - torch.Size([3072]): 
The value is the same before and after calling `init_weights` of SegEarthSegmentation  

net.visual.transformer.resblocks.3.mlp.c_proj.weight - torch.Size([768, 3072]): 
The value is the same before and after calling `init_weights` of SegEarthSegmentation  

net.visual.transformer.resblocks.3.mlp.c_proj.bias - torch.Size([768]): 
The value is the same before and after calling `init_weights` of SegEarthSegmentation  

net.visual.transformer.resblocks.4.ln_1.weight - torch.Size([768]): 
The value is the same before and after calling `init_weights` of SegEarthSegmentation  

net.visual.transformer.resblocks.4.ln_1.bias - torch.Size([768]): 
The value is the same before and after calling `init_weights` of SegEarthSegmentation  

net.visual.transformer.resblocks.4.attn.in_proj_weight - torch.Size([2304, 768]): 
The value is the same before and after calling `init_weights` of SegEarthSegmentation  

net.visual.transformer.resblocks.4.attn.in_proj_bias - torch.Size([2304]): 
The value is the same before and after calling `init_weights` of SegEarthSegmentation  

net.visual.transformer.resblocks.4.attn.out_proj.weight - torch.Size([768, 768]): 
The value is the same before and after calling `init_weights` of SegEarthSegmentation  

net.visual.transformer.resblocks.4.attn.out_proj.bias - torch.Size([768]): 
The value is the same before and after calling `init_weights` of SegEarthSegmentation  

net.visual.transformer.resblocks.4.ln_2.weight - torch.Size([768]): 
The value is the same before and after calling `init_weights` of SegEarthSegmentation  

net.visual.transformer.resblocks.4.ln_2.bias - torch.Size([768]): 
The value is the same before and after calling `init_weights` of SegEarthSegmentation  

net.visual.transformer.resblocks.4.mlp.c_fc.weight - torch.Size([3072, 768]): 
The value is the same before and after calling `init_weights` of SegEarthSegmentation  

net.visual.transformer.resblocks.4.mlp.c_fc.bias - torch.Size([3072]): 
The value is the same before and after calling `init_weights` of SegEarthSegmentation  

net.visual.transformer.resblocks.4.mlp.c_proj.weight - torch.Size([768, 3072]): 
The value is the same before and after calling `init_weights` of SegEarthSegmentation  

net.visual.transformer.resblocks.4.mlp.c_proj.bias - torch.Size([768]): 
The value is the same before and after calling `init_weights` of SegEarthSegmentation  

net.visual.transformer.resblocks.5.ln_1.weight - torch.Size([768]): 
The value is the same before and after calling `init_weights` of SegEarthSegmentation  

net.visual.transformer.resblocks.5.ln_1.bias - torch.Size([768]): 
The value is the same before and after calling `init_weights` of SegEarthSegmentation  

net.visual.transformer.resblocks.5.attn.in_proj_weight - torch.Size([2304, 768]): 
The value is the same before and after calling `init_weights` of SegEarthSegmentation  

net.visual.transformer.resblocks.5.attn.in_proj_bias - torch.Size([2304]): 
The value is the same before and after calling `init_weights` of SegEarthSegmentation  

net.visual.transformer.resblocks.5.attn.out_proj.weight - torch.Size([768, 768]): 
The value is the same before and after calling `init_weights` of SegEarthSegmentation  

net.visual.transformer.resblocks.5.attn.out_proj.bias - torch.Size([768]): 
The value is the same before and after calling `init_weights` of SegEarthSegmentation  

net.visual.transformer.resblocks.5.ln_2.weight - torch.Size([768]): 
The value is the same before and after calling `init_weights` of SegEarthSegmentation  

net.visual.transformer.resblocks.5.ln_2.bias - torch.Size([768]): 
The value is the same before and after calling `init_weights` of SegEarthSegmentation  

net.visual.transformer.resblocks.5.mlp.c_fc.weight - torch.Size([3072, 768]): 
The value is the same before and after calling `init_weights` of SegEarthSegmentation  

net.visual.transformer.resblocks.5.mlp.c_fc.bias - torch.Size([3072]): 
The value is the same before and after calling `init_weights` of SegEarthSegmentation  

net.visual.transformer.resblocks.5.mlp.c_proj.weight - torch.Size([768, 3072]): 
The value is the same before and after calling `init_weights` of SegEarthSegmentation  

net.visual.transformer.resblocks.5.mlp.c_proj.bias - torch.Size([768]): 
The value is the same before and after calling `init_weights` of SegEarthSegmentation  

net.visual.transformer.resblocks.6.ln_1.weight - torch.Size([768]): 
The value is the same before and after calling `init_weights` of SegEarthSegmentation  

net.visual.transformer.resblocks.6.ln_1.bias - torch.Size([768]): 
The value is the same before and after calling `init_weights` of SegEarthSegmentation  

net.visual.transformer.resblocks.6.attn.in_proj_weight - torch.Size([2304, 768]): 
The value is the same before and after calling `init_weights` of SegEarthSegmentation  

net.visual.transformer.resblocks.6.attn.in_proj_bias - torch.Size([2304]): 
The value is the same before and after calling `init_weights` of SegEarthSegmentation  

net.visual.transformer.resblocks.6.attn.out_proj.weight - torch.Size([768, 768]): 
The value is the same before and after calling `init_weights` of SegEarthSegmentation  

net.visual.transformer.resblocks.6.attn.out_proj.bias - torch.Size([768]): 
The value is the same before and after calling `init_weights` of SegEarthSegmentation  

net.visual.transformer.resblocks.6.ln_2.weight - torch.Size([768]): 
The value is the same before and after calling `init_weights` of SegEarthSegmentation  

net.visual.transformer.resblocks.6.ln_2.bias - torch.Size([768]): 
The value is the same before and after calling `init_weights` of SegEarthSegmentation  

net.visual.transformer.resblocks.6.mlp.c_fc.weight - torch.Size([3072, 768]): 
The value is the same before and after calling `init_weights` of SegEarthSegmentation  

net.visual.transformer.resblocks.6.mlp.c_fc.bias - torch.Size([3072]): 
The value is the same before and after calling `init_weights` of SegEarthSegmentation  

net.visual.transformer.resblocks.6.mlp.c_proj.weight - torch.Size([768, 3072]): 
The value is the same before and after calling `init_weights` of SegEarthSegmentation  

net.visual.transformer.resblocks.6.mlp.c_proj.bias - torch.Size([768]): 
The value is the same before and after calling `init_weights` of SegEarthSegmentation  

net.visual.transformer.resblocks.7.ln_1.weight - torch.Size([768]): 
The value is the same before and after calling `init_weights` of SegEarthSegmentation  

net.visual.transformer.resblocks.7.ln_1.bias - torch.Size([768]): 
The value is the same before and after calling `init_weights` of SegEarthSegmentation  

net.visual.transformer.resblocks.7.attn.in_proj_weight - torch.Size([2304, 768]): 
The value is the same before and after calling `init_weights` of SegEarthSegmentation  

net.visual.transformer.resblocks.7.attn.in_proj_bias - torch.Size([2304]): 
The value is the same before and after calling `init_weights` of SegEarthSegmentation  

net.visual.transformer.resblocks.7.attn.out_proj.weight - torch.Size([768, 768]): 
The value is the same before and after calling `init_weights` of SegEarthSegmentation  

net.visual.transformer.resblocks.7.attn.out_proj.bias - torch.Size([768]): 
The value is the same before and after calling `init_weights` of SegEarthSegmentation  

net.visual.transformer.resblocks.7.ln_2.weight - torch.Size([768]): 
The value is the same before and after calling `init_weights` of SegEarthSegmentation  

net.visual.transformer.resblocks.7.ln_2.bias - torch.Size([768]): 
The value is the same before and after calling `init_weights` of SegEarthSegmentation  

net.visual.transformer.resblocks.7.mlp.c_fc.weight - torch.Size([3072, 768]): 
The value is the same before and after calling `init_weights` of SegEarthSegmentation  

net.visual.transformer.resblocks.7.mlp.c_fc.bias - torch.Size([3072]): 
The value is the same before and after calling `init_weights` of SegEarthSegmentation  

net.visual.transformer.resblocks.7.mlp.c_proj.weight - torch.Size([768, 3072]): 
The value is the same before and after calling `init_weights` of SegEarthSegmentation  

net.visual.transformer.resblocks.7.mlp.c_proj.bias - torch.Size([768]): 
The value is the same before and after calling `init_weights` of SegEarthSegmentation  

net.visual.transformer.resblocks.8.ln_1.weight - torch.Size([768]): 
The value is the same before and after calling `init_weights` of SegEarthSegmentation  

net.visual.transformer.resblocks.8.ln_1.bias - torch.Size([768]): 
The value is the same before and after calling `init_weights` of SegEarthSegmentation  

net.visual.transformer.resblocks.8.attn.in_proj_weight - torch.Size([2304, 768]): 
The value is the same before and after calling `init_weights` of SegEarthSegmentation  

net.visual.transformer.resblocks.8.attn.in_proj_bias - torch.Size([2304]): 
The value is the same before and after calling `init_weights` of SegEarthSegmentation  

net.visual.transformer.resblocks.8.attn.out_proj.weight - torch.Size([768, 768]): 
The value is the same before and after calling `init_weights` of SegEarthSegmentation  

net.visual.transformer.resblocks.8.attn.out_proj.bias - torch.Size([768]): 
The value is the same before and after calling `init_weights` of SegEarthSegmentation  

net.visual.transformer.resblocks.8.ln_2.weight - torch.Size([768]): 
The value is the same before and after calling `init_weights` of SegEarthSegmentation  

net.visual.transformer.resblocks.8.ln_2.bias - torch.Size([768]): 
The value is the same before and after calling `init_weights` of SegEarthSegmentation  

net.visual.transformer.resblocks.8.mlp.c_fc.weight - torch.Size([3072, 768]): 
The value is the same before and after calling `init_weights` of SegEarthSegmentation  

net.visual.transformer.resblocks.8.mlp.c_fc.bias - torch.Size([3072]): 
The value is the same before and after calling `init_weights` of SegEarthSegmentation  

net.visual.transformer.resblocks.8.mlp.c_proj.weight - torch.Size([768, 3072]): 
The value is the same before and after calling `init_weights` of SegEarthSegmentation  

net.visual.transformer.resblocks.8.mlp.c_proj.bias - torch.Size([768]): 
The value is the same before and after calling `init_weights` of SegEarthSegmentation  

net.visual.transformer.resblocks.9.ln_1.weight - torch.Size([768]): 
The value is the same before and after calling `init_weights` of SegEarthSegmentation  

net.visual.transformer.resblocks.9.ln_1.bias - torch.Size([768]): 
The value is the same before and after calling `init_weights` of SegEarthSegmentation  

net.visual.transformer.resblocks.9.attn.in_proj_weight - torch.Size([2304, 768]): 
The value is the same before and after calling `init_weights` of SegEarthSegmentation  

net.visual.transformer.resblocks.9.attn.in_proj_bias - torch.Size([2304]): 
The value is the same before and after calling `init_weights` of SegEarthSegmentation  

net.visual.transformer.resblocks.9.attn.out_proj.weight - torch.Size([768, 768]): 
The value is the same before and after calling `init_weights` of SegEarthSegmentation  

net.visual.transformer.resblocks.9.attn.out_proj.bias - torch.Size([768]): 
The value is the same before and after calling `init_weights` of SegEarthSegmentation  

net.visual.transformer.resblocks.9.ln_2.weight - torch.Size([768]): 
The value is the same before and after calling `init_weights` of SegEarthSegmentation  

net.visual.transformer.resblocks.9.ln_2.bias - torch.Size([768]): 
The value is the same before and after calling `init_weights` of SegEarthSegmentation  

net.visual.transformer.resblocks.9.mlp.c_fc.weight - torch.Size([3072, 768]): 
The value is the same before and after calling `init_weights` of SegEarthSegmentation  

net.visual.transformer.resblocks.9.mlp.c_fc.bias - torch.Size([3072]): 
The value is the same before and after calling `init_weights` of SegEarthSegmentation  

net.visual.transformer.resblocks.9.mlp.c_proj.weight - torch.Size([768, 3072]): 
The value is the same before and after calling `init_weights` of SegEarthSegmentation  

net.visual.transformer.resblocks.9.mlp.c_proj.bias - torch.Size([768]): 
The value is the same before and after calling `init_weights` of SegEarthSegmentation  

net.visual.transformer.resblocks.10.ln_1.weight - torch.Size([768]): 
The value is the same before and after calling `init_weights` of SegEarthSegmentation  

net.visual.transformer.resblocks.10.ln_1.bias - torch.Size([768]): 
The value is the same before and after calling `init_weights` of SegEarthSegmentation  

net.visual.transformer.resblocks.10.attn.in_proj_weight - torch.Size([2304, 768]): 
The value is the same before and after calling `init_weights` of SegEarthSegmentation  

net.visual.transformer.resblocks.10.attn.in_proj_bias - torch.Size([2304]): 
The value is the same before and after calling `init_weights` of SegEarthSegmentation  

net.visual.transformer.resblocks.10.attn.out_proj.weight - torch.Size([768, 768]): 
The value is the same before and after calling `init_weights` of SegEarthSegmentation  

net.visual.transformer.resblocks.10.attn.out_proj.bias - torch.Size([768]): 
The value is the same before and after calling `init_weights` of SegEarthSegmentation  

net.visual.transformer.resblocks.10.ln_2.weight - torch.Size([768]): 
The value is the same before and after calling `init_weights` of SegEarthSegmentation  

net.visual.transformer.resblocks.10.ln_2.bias - torch.Size([768]): 
The value is the same before and after calling `init_weights` of SegEarthSegmentation  

net.visual.transformer.resblocks.10.mlp.c_fc.weight - torch.Size([3072, 768]): 
The value is the same before and after calling `init_weights` of SegEarthSegmentation  

net.visual.transformer.resblocks.10.mlp.c_fc.bias - torch.Size([3072]): 
The value is the same before and after calling `init_weights` of SegEarthSegmentation  

net.visual.transformer.resblocks.10.mlp.c_proj.weight - torch.Size([768, 3072]): 
The value is the same before and after calling `init_weights` of SegEarthSegmentation  

net.visual.transformer.resblocks.10.mlp.c_proj.bias - torch.Size([768]): 
The value is the same before and after calling `init_weights` of SegEarthSegmentation  

net.visual.transformer.resblocks.11.ln_1.weight - torch.Size([768]): 
The value is the same before and after calling `init_weights` of SegEarthSegmentation  

net.visual.transformer.resblocks.11.ln_1.bias - torch.Size([768]): 
The value is the same before and after calling `init_weights` of SegEarthSegmentation  

net.visual.transformer.resblocks.11.attn.in_proj_weight - torch.Size([2304, 768]): 
The value is the same before and after calling `init_weights` of SegEarthSegmentation  

net.visual.transformer.resblocks.11.attn.in_proj_bias - torch.Size([2304]): 
The value is the same before and after calling `init_weights` of SegEarthSegmentation  

net.visual.transformer.resblocks.11.attn.out_proj.weight - torch.Size([768, 768]): 
The value is the same before and after calling `init_weights` of SegEarthSegmentation  

net.visual.transformer.resblocks.11.attn.out_proj.bias - torch.Size([768]): 
The value is the same before and after calling `init_weights` of SegEarthSegmentation  

net.visual.transformer.resblocks.11.ln_2.weight - torch.Size([768]): 
The value is the same before and after calling `init_weights` of SegEarthSegmentation  

net.visual.transformer.resblocks.11.ln_2.bias - torch.Size([768]): 
The value is the same before and after calling `init_weights` of SegEarthSegmentation  

net.visual.transformer.resblocks.11.mlp.c_fc.weight - torch.Size([3072, 768]): 
The value is the same before and after calling `init_weights` of SegEarthSegmentation  

net.visual.transformer.resblocks.11.mlp.c_fc.bias - torch.Size([3072]): 
The value is the same before and after calling `init_weights` of SegEarthSegmentation  

net.visual.transformer.resblocks.11.mlp.c_proj.weight - torch.Size([768, 3072]): 
The value is the same before and after calling `init_weights` of SegEarthSegmentation  

net.visual.transformer.resblocks.11.mlp.c_proj.bias - torch.Size([768]): 
The value is the same before and after calling `init_weights` of SegEarthSegmentation  

net.visual.ln_post.weight - torch.Size([768]): 
The value is the same before and after calling `init_weights` of SegEarthSegmentation  

net.visual.ln_post.bias - torch.Size([768]): 
The value is the same before and after calling `init_weights` of SegEarthSegmentation  

net.visual.fusion.proj_intermediate.0.weight - torch.Size([768, 768]): 
The value is the same before and after calling `init_weights` of SegEarthSegmentation  

net.visual.fusion.proj_intermediate.0.bias - torch.Size([768]): 
The value is the same before and after calling `init_weights` of SegEarthSegmentation  

net.visual.fusion.proj_intermediate.1.weight - torch.Size([768, 768]): 
The value is the same before and after calling `init_weights` of SegEarthSegmentation  

net.visual.fusion.proj_intermediate.1.bias - torch.Size([768]): 
The value is the same before and after calling `init_weights` of SegEarthSegmentation  

net.visual.fusion.proj_intermediate.2.weight - torch.Size([768, 768]): 
The value is the same before and after calling `init_weights` of SegEarthSegmentation  

net.visual.fusion.proj_intermediate.2.bias - torch.Size([768]): 
The value is the same before and after calling `init_weights` of SegEarthSegmentation  

net.visual.fusion.proj_last.weight - torch.Size([768, 768]): 
The value is the same before and after calling `init_weights` of SegEarthSegmentation  

net.visual.fusion.proj_last.bias - torch.Size([768]): 
The value is the same before and after calling `init_weights` of SegEarthSegmentation  

net.visual.fusion.fusion_last.weight - torch.Size([768, 1536]): 
The value is the same before and after calling `init_weights` of SegEarthSegmentation  

net.visual.fusion.fusion_last.bias - torch.Size([768]): 
The value is the same before and after calling `init_weights` of SegEarthSegmentation  

net.visual.fusion.fusion_layer.weight - torch.Size([768, 768]): 
The value is the same before and after calling `init_weights` of SegEarthSegmentation  

net.visual.fusion.fusion_layer.bias - torch.Size([768]): 
The value is the same before and after calling `init_weights` of SegEarthSegmentation  

net.transformer.resblocks.0.ln_1.weight - torch.Size([512]): 
The value is the same before and after calling `init_weights` of SegEarthSegmentation  

net.transformer.resblocks.0.ln_1.bias - torch.Size([512]): 
The value is the same before and after calling `init_weights` of SegEarthSegmentation  

net.transformer.resblocks.0.attn.in_proj_weight - torch.Size([1536, 512]): 
The value is the same before and after calling `init_weights` of SegEarthSegmentation  

net.transformer.resblocks.0.attn.in_proj_bias - torch.Size([1536]): 
The value is the same before and after calling `init_weights` of SegEarthSegmentation  

net.transformer.resblocks.0.attn.out_proj.weight - torch.Size([512, 512]): 
The value is the same before and after calling `init_weights` of SegEarthSegmentation  

net.transformer.resblocks.0.attn.out_proj.bias - torch.Size([512]): 
The value is the same before and after calling `init_weights` of SegEarthSegmentation  

net.transformer.resblocks.0.ln_2.weight - torch.Size([512]): 
The value is the same before and after calling `init_weights` of SegEarthSegmentation  

net.transformer.resblocks.0.ln_2.bias - torch.Size([512]): 
The value is the same before and after calling `init_weights` of SegEarthSegmentation  

net.transformer.resblocks.0.mlp.c_fc.weight - torch.Size([2048, 512]): 
The value is the same before and after calling `init_weights` of SegEarthSegmentation  

net.transformer.resblocks.0.mlp.c_fc.bias - torch.Size([2048]): 
The value is the same before and after calling `init_weights` of SegEarthSegmentation  

net.transformer.resblocks.0.mlp.c_proj.weight - torch.Size([512, 2048]): 
The value is the same before and after calling `init_weights` of SegEarthSegmentation  

net.transformer.resblocks.0.mlp.c_proj.bias - torch.Size([512]): 
The value is the same before and after calling `init_weights` of SegEarthSegmentation  

net.transformer.resblocks.1.ln_1.weight - torch.Size([512]): 
The value is the same before and after calling `init_weights` of SegEarthSegmentation  

net.transformer.resblocks.1.ln_1.bias - torch.Size([512]): 
The value is the same before and after calling `init_weights` of SegEarthSegmentation  

net.transformer.resblocks.1.attn.in_proj_weight - torch.Size([1536, 512]): 
The value is the same before and after calling `init_weights` of SegEarthSegmentation  

net.transformer.resblocks.1.attn.in_proj_bias - torch.Size([1536]): 
The value is the same before and after calling `init_weights` of SegEarthSegmentation  

net.transformer.resblocks.1.attn.out_proj.weight - torch.Size([512, 512]): 
The value is the same before and after calling `init_weights` of SegEarthSegmentation  

net.transformer.resblocks.1.attn.out_proj.bias - torch.Size([512]): 
The value is the same before and after calling `init_weights` of SegEarthSegmentation  

net.transformer.resblocks.1.ln_2.weight - torch.Size([512]): 
The value is the same before and after calling `init_weights` of SegEarthSegmentation  

net.transformer.resblocks.1.ln_2.bias - torch.Size([512]): 
The value is the same before and after calling `init_weights` of SegEarthSegmentation  

net.transformer.resblocks.1.mlp.c_fc.weight - torch.Size([2048, 512]): 
The value is the same before and after calling `init_weights` of SegEarthSegmentation  

net.transformer.resblocks.1.mlp.c_fc.bias - torch.Size([2048]): 
The value is the same before and after calling `init_weights` of SegEarthSegmentation  

net.transformer.resblocks.1.mlp.c_proj.weight - torch.Size([512, 2048]): 
The value is the same before and after calling `init_weights` of SegEarthSegmentation  

net.transformer.resblocks.1.mlp.c_proj.bias - torch.Size([512]): 
The value is the same before and after calling `init_weights` of SegEarthSegmentation  

net.transformer.resblocks.2.ln_1.weight - torch.Size([512]): 
The value is the same before and after calling `init_weights` of SegEarthSegmentation  

net.transformer.resblocks.2.ln_1.bias - torch.Size([512]): 
The value is the same before and after calling `init_weights` of SegEarthSegmentation  

net.transformer.resblocks.2.attn.in_proj_weight - torch.Size([1536, 512]): 
The value is the same before and after calling `init_weights` of SegEarthSegmentation  

net.transformer.resblocks.2.attn.in_proj_bias - torch.Size([1536]): 
The value is the same before and after calling `init_weights` of SegEarthSegmentation  

net.transformer.resblocks.2.attn.out_proj.weight - torch.Size([512, 512]): 
The value is the same before and after calling `init_weights` of SegEarthSegmentation  

net.transformer.resblocks.2.attn.out_proj.bias - torch.Size([512]): 
The value is the same before and after calling `init_weights` of SegEarthSegmentation  

net.transformer.resblocks.2.ln_2.weight - torch.Size([512]): 
The value is the same before and after calling `init_weights` of SegEarthSegmentation  

net.transformer.resblocks.2.ln_2.bias - torch.Size([512]): 
The value is the same before and after calling `init_weights` of SegEarthSegmentation  

net.transformer.resblocks.2.mlp.c_fc.weight - torch.Size([2048, 512]): 
The value is the same before and after calling `init_weights` of SegEarthSegmentation  

net.transformer.resblocks.2.mlp.c_fc.bias - torch.Size([2048]): 
The value is the same before and after calling `init_weights` of SegEarthSegmentation  

net.transformer.resblocks.2.mlp.c_proj.weight - torch.Size([512, 2048]): 
The value is the same before and after calling `init_weights` of SegEarthSegmentation  

net.transformer.resblocks.2.mlp.c_proj.bias - torch.Size([512]): 
The value is the same before and after calling `init_weights` of SegEarthSegmentation  

net.transformer.resblocks.3.ln_1.weight - torch.Size([512]): 
The value is the same before and after calling `init_weights` of SegEarthSegmentation  

net.transformer.resblocks.3.ln_1.bias - torch.Size([512]): 
The value is the same before and after calling `init_weights` of SegEarthSegmentation  

net.transformer.resblocks.3.attn.in_proj_weight - torch.Size([1536, 512]): 
The value is the same before and after calling `init_weights` of SegEarthSegmentation  

net.transformer.resblocks.3.attn.in_proj_bias - torch.Size([1536]): 
The value is the same before and after calling `init_weights` of SegEarthSegmentation  

net.transformer.resblocks.3.attn.out_proj.weight - torch.Size([512, 512]): 
The value is the same before and after calling `init_weights` of SegEarthSegmentation  

net.transformer.resblocks.3.attn.out_proj.bias - torch.Size([512]): 
The value is the same before and after calling `init_weights` of SegEarthSegmentation  

net.transformer.resblocks.3.ln_2.weight - torch.Size([512]): 
The value is the same before and after calling `init_weights` of SegEarthSegmentation  

net.transformer.resblocks.3.ln_2.bias - torch.Size([512]): 
The value is the same before and after calling `init_weights` of SegEarthSegmentation  

net.transformer.resblocks.3.mlp.c_fc.weight - torch.Size([2048, 512]): 
The value is the same before and after calling `init_weights` of SegEarthSegmentation  

net.transformer.resblocks.3.mlp.c_fc.bias - torch.Size([2048]): 
The value is the same before and after calling `init_weights` of SegEarthSegmentation  

net.transformer.resblocks.3.mlp.c_proj.weight - torch.Size([512, 2048]): 
The value is the same before and after calling `init_weights` of SegEarthSegmentation  

net.transformer.resblocks.3.mlp.c_proj.bias - torch.Size([512]): 
The value is the same before and after calling `init_weights` of SegEarthSegmentation  

net.transformer.resblocks.4.ln_1.weight - torch.Size([512]): 
The value is the same before and after calling `init_weights` of SegEarthSegmentation  

net.transformer.resblocks.4.ln_1.bias - torch.Size([512]): 
The value is the same before and after calling `init_weights` of SegEarthSegmentation  

net.transformer.resblocks.4.attn.in_proj_weight - torch.Size([1536, 512]): 
The value is the same before and after calling `init_weights` of SegEarthSegmentation  

net.transformer.resblocks.4.attn.in_proj_bias - torch.Size([1536]): 
The value is the same before and after calling `init_weights` of SegEarthSegmentation  

net.transformer.resblocks.4.attn.out_proj.weight - torch.Size([512, 512]): 
The value is the same before and after calling `init_weights` of SegEarthSegmentation  

net.transformer.resblocks.4.attn.out_proj.bias - torch.Size([512]): 
The value is the same before and after calling `init_weights` of SegEarthSegmentation  

net.transformer.resblocks.4.ln_2.weight - torch.Size([512]): 
The value is the same before and after calling `init_weights` of SegEarthSegmentation  

net.transformer.resblocks.4.ln_2.bias - torch.Size([512]): 
The value is the same before and after calling `init_weights` of SegEarthSegmentation  

net.transformer.resblocks.4.mlp.c_fc.weight - torch.Size([2048, 512]): 
The value is the same before and after calling `init_weights` of SegEarthSegmentation  

net.transformer.resblocks.4.mlp.c_fc.bias - torch.Size([2048]): 
The value is the same before and after calling `init_weights` of SegEarthSegmentation  

net.transformer.resblocks.4.mlp.c_proj.weight - torch.Size([512, 2048]): 
The value is the same before and after calling `init_weights` of SegEarthSegmentation  

net.transformer.resblocks.4.mlp.c_proj.bias - torch.Size([512]): 
The value is the same before and after calling `init_weights` of SegEarthSegmentation  

net.transformer.resblocks.5.ln_1.weight - torch.Size([512]): 
The value is the same before and after calling `init_weights` of SegEarthSegmentation  

net.transformer.resblocks.5.ln_1.bias - torch.Size([512]): 
The value is the same before and after calling `init_weights` of SegEarthSegmentation  

net.transformer.resblocks.5.attn.in_proj_weight - torch.Size([1536, 512]): 
The value is the same before and after calling `init_weights` of SegEarthSegmentation  

net.transformer.resblocks.5.attn.in_proj_bias - torch.Size([1536]): 
The value is the same before and after calling `init_weights` of SegEarthSegmentation  

net.transformer.resblocks.5.attn.out_proj.weight - torch.Size([512, 512]): 
The value is the same before and after calling `init_weights` of SegEarthSegmentation  

net.transformer.resblocks.5.attn.out_proj.bias - torch.Size([512]): 
The value is the same before and after calling `init_weights` of SegEarthSegmentation  

net.transformer.resblocks.5.ln_2.weight - torch.Size([512]): 
The value is the same before and after calling `init_weights` of SegEarthSegmentation  

net.transformer.resblocks.5.ln_2.bias - torch.Size([512]): 
The value is the same before and after calling `init_weights` of SegEarthSegmentation  

net.transformer.resblocks.5.mlp.c_fc.weight - torch.Size([2048, 512]): 
The value is the same before and after calling `init_weights` of SegEarthSegmentation  

net.transformer.resblocks.5.mlp.c_fc.bias - torch.Size([2048]): 
The value is the same before and after calling `init_weights` of SegEarthSegmentation  

net.transformer.resblocks.5.mlp.c_proj.weight - torch.Size([512, 2048]): 
The value is the same before and after calling `init_weights` of SegEarthSegmentation  

net.transformer.resblocks.5.mlp.c_proj.bias - torch.Size([512]): 
The value is the same before and after calling `init_weights` of SegEarthSegmentation  

net.transformer.resblocks.6.ln_1.weight - torch.Size([512]): 
The value is the same before and after calling `init_weights` of SegEarthSegmentation  

net.transformer.resblocks.6.ln_1.bias - torch.Size([512]): 
The value is the same before and after calling `init_weights` of SegEarthSegmentation  

net.transformer.resblocks.6.attn.in_proj_weight - torch.Size([1536, 512]): 
The value is the same before and after calling `init_weights` of SegEarthSegmentation  

net.transformer.resblocks.6.attn.in_proj_bias - torch.Size([1536]): 
The value is the same before and after calling `init_weights` of SegEarthSegmentation  

net.transformer.resblocks.6.attn.out_proj.weight - torch.Size([512, 512]): 
The value is the same before and after calling `init_weights` of SegEarthSegmentation  

net.transformer.resblocks.6.attn.out_proj.bias - torch.Size([512]): 
The value is the same before and after calling `init_weights` of SegEarthSegmentation  

net.transformer.resblocks.6.ln_2.weight - torch.Size([512]): 
The value is the same before and after calling `init_weights` of SegEarthSegmentation  

net.transformer.resblocks.6.ln_2.bias - torch.Size([512]): 
The value is the same before and after calling `init_weights` of SegEarthSegmentation  

net.transformer.resblocks.6.mlp.c_fc.weight - torch.Size([2048, 512]): 
The value is the same before and after calling `init_weights` of SegEarthSegmentation  

net.transformer.resblocks.6.mlp.c_fc.bias - torch.Size([2048]): 
The value is the same before and after calling `init_weights` of SegEarthSegmentation  

net.transformer.resblocks.6.mlp.c_proj.weight - torch.Size([512, 2048]): 
The value is the same before and after calling `init_weights` of SegEarthSegmentation  

net.transformer.resblocks.6.mlp.c_proj.bias - torch.Size([512]): 
The value is the same before and after calling `init_weights` of SegEarthSegmentation  

net.transformer.resblocks.7.ln_1.weight - torch.Size([512]): 
The value is the same before and after calling `init_weights` of SegEarthSegmentation  

net.transformer.resblocks.7.ln_1.bias - torch.Size([512]): 
The value is the same before and after calling `init_weights` of SegEarthSegmentation  

net.transformer.resblocks.7.attn.in_proj_weight - torch.Size([1536, 512]): 
The value is the same before and after calling `init_weights` of SegEarthSegmentation  

net.transformer.resblocks.7.attn.in_proj_bias - torch.Size([1536]): 
The value is the same before and after calling `init_weights` of SegEarthSegmentation  

net.transformer.resblocks.7.attn.out_proj.weight - torch.Size([512, 512]): 
The value is the same before and after calling `init_weights` of SegEarthSegmentation  

net.transformer.resblocks.7.attn.out_proj.bias - torch.Size([512]): 
The value is the same before and after calling `init_weights` of SegEarthSegmentation  

net.transformer.resblocks.7.ln_2.weight - torch.Size([512]): 
The value is the same before and after calling `init_weights` of SegEarthSegmentation  

net.transformer.resblocks.7.ln_2.bias - torch.Size([512]): 
The value is the same before and after calling `init_weights` of SegEarthSegmentation  

net.transformer.resblocks.7.mlp.c_fc.weight - torch.Size([2048, 512]): 
The value is the same before and after calling `init_weights` of SegEarthSegmentation  

net.transformer.resblocks.7.mlp.c_fc.bias - torch.Size([2048]): 
The value is the same before and after calling `init_weights` of SegEarthSegmentation  

net.transformer.resblocks.7.mlp.c_proj.weight - torch.Size([512, 2048]): 
The value is the same before and after calling `init_weights` of SegEarthSegmentation  

net.transformer.resblocks.7.mlp.c_proj.bias - torch.Size([512]): 
The value is the same before and after calling `init_weights` of SegEarthSegmentation  

net.transformer.resblocks.8.ln_1.weight - torch.Size([512]): 
The value is the same before and after calling `init_weights` of SegEarthSegmentation  

net.transformer.resblocks.8.ln_1.bias - torch.Size([512]): 
The value is the same before and after calling `init_weights` of SegEarthSegmentation  

net.transformer.resblocks.8.attn.in_proj_weight - torch.Size([1536, 512]): 
The value is the same before and after calling `init_weights` of SegEarthSegmentation  

net.transformer.resblocks.8.attn.in_proj_bias - torch.Size([1536]): 
The value is the same before and after calling `init_weights` of SegEarthSegmentation  

net.transformer.resblocks.8.attn.out_proj.weight - torch.Size([512, 512]): 
The value is the same before and after calling `init_weights` of SegEarthSegmentation  

net.transformer.resblocks.8.attn.out_proj.bias - torch.Size([512]): 
The value is the same before and after calling `init_weights` of SegEarthSegmentation  

net.transformer.resblocks.8.ln_2.weight - torch.Size([512]): 
The value is the same before and after calling `init_weights` of SegEarthSegmentation  

net.transformer.resblocks.8.ln_2.bias - torch.Size([512]): 
The value is the same before and after calling `init_weights` of SegEarthSegmentation  

net.transformer.resblocks.8.mlp.c_fc.weight - torch.Size([2048, 512]): 
The value is the same before and after calling `init_weights` of SegEarthSegmentation  

net.transformer.resblocks.8.mlp.c_fc.bias - torch.Size([2048]): 
The value is the same before and after calling `init_weights` of SegEarthSegmentation  

net.transformer.resblocks.8.mlp.c_proj.weight - torch.Size([512, 2048]): 
The value is the same before and after calling `init_weights` of SegEarthSegmentation  

net.transformer.resblocks.8.mlp.c_proj.bias - torch.Size([512]): 
The value is the same before and after calling `init_weights` of SegEarthSegmentation  

net.transformer.resblocks.9.ln_1.weight - torch.Size([512]): 
The value is the same before and after calling `init_weights` of SegEarthSegmentation  

net.transformer.resblocks.9.ln_1.bias - torch.Size([512]): 
The value is the same before and after calling `init_weights` of SegEarthSegmentation  

net.transformer.resblocks.9.attn.in_proj_weight - torch.Size([1536, 512]): 
The value is the same before and after calling `init_weights` of SegEarthSegmentation  

net.transformer.resblocks.9.attn.in_proj_bias - torch.Size([1536]): 
The value is the same before and after calling `init_weights` of SegEarthSegmentation  

net.transformer.resblocks.9.attn.out_proj.weight - torch.Size([512, 512]): 
The value is the same before and after calling `init_weights` of SegEarthSegmentation  

net.transformer.resblocks.9.attn.out_proj.bias - torch.Size([512]): 
The value is the same before and after calling `init_weights` of SegEarthSegmentation  

net.transformer.resblocks.9.ln_2.weight - torch.Size([512]): 
The value is the same before and after calling `init_weights` of SegEarthSegmentation  

net.transformer.resblocks.9.ln_2.bias - torch.Size([512]): 
The value is the same before and after calling `init_weights` of SegEarthSegmentation  

net.transformer.resblocks.9.mlp.c_fc.weight - torch.Size([2048, 512]): 
The value is the same before and after calling `init_weights` of SegEarthSegmentation  

net.transformer.resblocks.9.mlp.c_fc.bias - torch.Size([2048]): 
The value is the same before and after calling `init_weights` of SegEarthSegmentation  

net.transformer.resblocks.9.mlp.c_proj.weight - torch.Size([512, 2048]): 
The value is the same before and after calling `init_weights` of SegEarthSegmentation  

net.transformer.resblocks.9.mlp.c_proj.bias - torch.Size([512]): 
The value is the same before and after calling `init_weights` of SegEarthSegmentation  

net.transformer.resblocks.10.ln_1.weight - torch.Size([512]): 
The value is the same before and after calling `init_weights` of SegEarthSegmentation  

net.transformer.resblocks.10.ln_1.bias - torch.Size([512]): 
The value is the same before and after calling `init_weights` of SegEarthSegmentation  

net.transformer.resblocks.10.attn.in_proj_weight - torch.Size([1536, 512]): 
The value is the same before and after calling `init_weights` of SegEarthSegmentation  

net.transformer.resblocks.10.attn.in_proj_bias - torch.Size([1536]): 
The value is the same before and after calling `init_weights` of SegEarthSegmentation  

net.transformer.resblocks.10.attn.out_proj.weight - torch.Size([512, 512]): 
The value is the same before and after calling `init_weights` of SegEarthSegmentation  

net.transformer.resblocks.10.attn.out_proj.bias - torch.Size([512]): 
The value is the same before and after calling `init_weights` of SegEarthSegmentation  

net.transformer.resblocks.10.ln_2.weight - torch.Size([512]): 
The value is the same before and after calling `init_weights` of SegEarthSegmentation  

net.transformer.resblocks.10.ln_2.bias - torch.Size([512]): 
The value is the same before and after calling `init_weights` of SegEarthSegmentation  

net.transformer.resblocks.10.mlp.c_fc.weight - torch.Size([2048, 512]): 
The value is the same before and after calling `init_weights` of SegEarthSegmentation  

net.transformer.resblocks.10.mlp.c_fc.bias - torch.Size([2048]): 
The value is the same before and after calling `init_weights` of SegEarthSegmentation  

net.transformer.resblocks.10.mlp.c_proj.weight - torch.Size([512, 2048]): 
The value is the same before and after calling `init_weights` of SegEarthSegmentation  

net.transformer.resblocks.10.mlp.c_proj.bias - torch.Size([512]): 
The value is the same before and after calling `init_weights` of SegEarthSegmentation  

net.transformer.resblocks.11.ln_1.weight - torch.Size([512]): 
The value is the same before and after calling `init_weights` of SegEarthSegmentation  

net.transformer.resblocks.11.ln_1.bias - torch.Size([512]): 
The value is the same before and after calling `init_weights` of SegEarthSegmentation  

net.transformer.resblocks.11.attn.in_proj_weight - torch.Size([1536, 512]): 
The value is the same before and after calling `init_weights` of SegEarthSegmentation  

net.transformer.resblocks.11.attn.in_proj_bias - torch.Size([1536]): 
The value is the same before and after calling `init_weights` of SegEarthSegmentation  

net.transformer.resblocks.11.attn.out_proj.weight - torch.Size([512, 512]): 
The value is the same before and after calling `init_weights` of SegEarthSegmentation  

net.transformer.resblocks.11.attn.out_proj.bias - torch.Size([512]): 
The value is the same before and after calling `init_weights` of SegEarthSegmentation  

net.transformer.resblocks.11.ln_2.weight - torch.Size([512]): 
The value is the same before and after calling `init_weights` of SegEarthSegmentation  

net.transformer.resblocks.11.ln_2.bias - torch.Size([512]): 
The value is the same before and after calling `init_weights` of SegEarthSegmentation  

net.transformer.resblocks.11.mlp.c_fc.weight - torch.Size([2048, 512]): 
The value is the same before and after calling `init_weights` of SegEarthSegmentation  

net.transformer.resblocks.11.mlp.c_fc.bias - torch.Size([2048]): 
The value is the same before and after calling `init_weights` of SegEarthSegmentation  

net.transformer.resblocks.11.mlp.c_proj.weight - torch.Size([512, 2048]): 
The value is the same before and after calling `init_weights` of SegEarthSegmentation  

net.transformer.resblocks.11.mlp.c_proj.bias - torch.Size([512]): 
The value is the same before and after calling `init_weights` of SegEarthSegmentation  

net.token_embedding.weight - torch.Size([49408, 512]): 
The value is the same before and after calling `init_weights` of SegEarthSegmentation  

net.ln_final.weight - torch.Size([512]): 
The value is the same before and after calling `init_weights` of SegEarthSegmentation  

net.ln_final.bias - torch.Size([512]): 
The value is the same before and after calling `init_weights` of SegEarthSegmentation  

upsampler.up.range_temp - torch.Size([]): 
The value is the same before and after calling `init_weights` of SegEarthSegmentation  

upsampler.up.sigma_spatial - torch.Size([]): 
The value is the same before and after calling `init_weights` of SegEarthSegmentation  

upsampler.up.range_proj.0.weight - torch.Size([32, 3, 1, 1]): 
The value is the same before and after calling `init_weights` of SegEarthSegmentation  

upsampler.up.range_proj.0.bias - torch.Size([32]): 
The value is the same before and after calling `init_weights` of SegEarthSegmentation  

upsampler.up.range_proj.3.weight - torch.Size([32, 32, 1, 1]): 
The value is the same before and after calling `init_weights` of SegEarthSegmentation  

upsampler.up.range_proj.3.bias - torch.Size([32]): 
The value is the same before and after calling `init_weights` of SegEarthSegmentation  

upsampler.up.fixup_proj.0.weight - torch.Size([121, 124, 1, 1]): 
The value is the same before and after calling `init_weights` of SegEarthSegmentation  

upsampler.up.fixup_proj.0.bias - torch.Size([121]): 
The value is the same before and after calling `init_weights` of SegEarthSegmentation  

upsampler.up.fixup_proj.3.weight - torch.Size([121, 121, 1, 1]): 
The value is the same before and after calling `init_weights` of SegEarthSegmentation  

upsampler.up.fixup_proj.3.bias - torch.Size([121]): 
The value is the same before and after calling `init_weights` of SegEarthSegmentation  

upsampler.fixup_proj.1.weight - torch.Size([512, 512, 1, 1]): 
The value is the same before and after calling `init_weights` of SegEarthSegmentation  

upsampler.fixup_proj.1.bias - torch.Size([512]): 
The value is the same before and after calling `init_weights` of SegEarthSegmentation  
2025/06/23 23:16:18 - mmengine - WARNING - "FileClient" will be deprecated in future. Please use io functions in https://mmengine.readthedocs.io/en/latest/api/fileio.html#file-io
2025/06/23 23:16:18 - mmengine - WARNING - "HardDiskBackend" is the alias of "LocalBackend" and the former will be deprecated in future.
2025/06/23 23:16:18 - mmengine - INFO - Checkpoints will be saved to /data/SegEarth-OV/train_logs.
