2025/06/17 18:01:30 - mmengine - INFO - 
------------------------------------------------------------
System environment:
    sys.platform: linux
    Python: 3.9.21 (main, Dec 11 2024, 16:24:11) [GCC 11.2.0]
    CUDA available: True
    MUSA available: False
    numpy_random_seed: 670130865
    GPU 0: NVIDIA GeForce RTX 4090
    CUDA_HOME: /usr/local/cuda
    NVCC: Cuda compilation tools, release 12.2, V12.2.140
    GCC: gcc (Ubuntu 9.4.0-1ubuntu1~20.04.2) 9.4.0
    PyTorch: 2.1.2+cu121
    PyTorch compiling details: PyTorch built with:
  - GCC 9.3
  - C++ Version: 201703
  - Intel(R) oneAPI Math Kernel Library Version 2022.2-Product Build 20220804 for Intel(R) 64 architecture applications
  - Intel(R) MKL-DNN v3.1.1 (Git Hash 64f6bcbcbab628e96f33a62c3e975f8535a7bde4)
  - OpenMP 201511 (a.k.a. OpenMP 4.5)
  - LAPACK is enabled (usually provided by MKL)
  - NNPACK is enabled
  - CPU capability usage: AVX2
  - CUDA Runtime 12.1
  - NVCC architecture flags: -gencode;arch=compute_50,code=sm_50;-gencode;arch=compute_60,code=sm_60;-gencode;arch=compute_70,code=sm_70;-gencode;arch=compute_75,code=sm_75;-gencode;arch=compute_80,code=sm_80;-gencode;arch=compute_86,code=sm_86;-gencode;arch=compute_90,code=sm_90
  - CuDNN 8.9.2
  - Magma 2.6.1
  - Build settings: BLAS_INFO=mkl, BUILD_TYPE=Release, CUDA_VERSION=12.1, CUDNN_VERSION=8.9.2, CXX_COMPILER=/opt/rh/devtoolset-9/root/usr/bin/c++, CXX_FLAGS= -D_GLIBCXX_USE_CXX11_ABI=0 -fabi-version=11 -fvisibility-inlines-hidden -DUSE_PTHREADPOOL -DNDEBUG -DUSE_KINETO -DLIBKINETO_NOROCTRACER -DUSE_FBGEMM -DUSE_QNNPACK -DUSE_PYTORCH_QNNPACK -DUSE_XNNPACK -DSYMBOLICATE_MOBILE_DEBUG_HANDLE -O2 -fPIC -Wall -Wextra -Werror=return-type -Werror=non-virtual-dtor -Werror=bool-operation -Wnarrowing -Wno-missing-field-initializers -Wno-type-limits -Wno-array-bounds -Wno-unknown-pragmas -Wno-unused-parameter -Wno-unused-function -Wno-unused-result -Wno-strict-overflow -Wno-strict-aliasing -Wno-stringop-overflow -Wno-psabi -Wno-error=pedantic -Wno-error=old-style-cast -Wno-invalid-partial-specialization -Wno-unused-private-field -Wno-aligned-allocation-unavailable -Wno-missing-braces -fdiagnostics-color=always -faligned-new -Wno-unused-but-set-variable -Wno-maybe-uninitialized -fno-math-errno -fno-trapping-math -Werror=format -Werror=cast-function-type -Wno-stringop-overflow, LAPACK_INFO=mkl, PERF_WITH_AVX=1, PERF_WITH_AVX2=1, PERF_WITH_AVX512=1, TORCH_DISABLE_GPU_ASSERTS=ON, TORCH_VERSION=2.1.2, USE_CUDA=ON, USE_CUDNN=ON, USE_EXCEPTION_PTR=1, USE_GFLAGS=OFF, USE_GLOG=OFF, USE_MKL=ON, USE_MKLDNN=ON, USE_MPI=OFF, USE_NCCL=1, USE_NNPACK=ON, USE_OPENMP=ON, USE_ROCM=OFF, 

    TorchVision: 0.16.2+cu121
    OpenCV: 4.6.0
    MMEngine: 0.10.4

Runtime environment:
    cudnn_benchmark: True
    mp_cfg: {'mp_start_method': 'fork', 'opencv_num_threads': 0}
    dist_cfg: {'backend': 'nccl'}
    seed: 670130865
    Distributed launcher: none
    Distributed training: False
    GPU number: 1
------------------------------------------------------------

2025/06/17 18:01:30 - mmengine - INFO - Config:
custom_hooks = [
    dict(
        interval=10,
        metric_key='mIoU',
        rule='greater',
        type='SaveTrainableModulesHook'),
]
data_root = ''
dataset_type = 'UDD5Dataset'
default_hooks = dict(
    logger=dict(interval=1, log_metric_by_epoch=False, type='LoggerHook'),
    param_scheduler=dict(type='ParamSchedulerHook'),
    sampler_seed=dict(type='DistSamplerSeedHook'),
    timer=dict(type='IterTimerHook'),
    visualization=dict(interval=1, type='SegVisualizationHook'))
default_scope = 'mmseg'
env_cfg = dict(
    cudnn_benchmark=True,
    dist_cfg=dict(backend='nccl'),
    mp_cfg=dict(mp_start_method='fork', opencv_num_threads=0))
launcher = 'none'
load_from = None
log_level = 'DEBUG'
log_processor = dict(by_epoch=False)
model = dict(
    bg_idx=4,
    clip_type='CLIP',
    cls_token_lambda=-0.0001,
    feature_cls_token_lambda=0,
    feature_up=True,
    feature_up_cfg=dict(
        model_name='jbu_one',
        model_path='simfeatup_dev/weights/xclip_jbu_one_million_aid.ckpt'),
    ignore_residual=True,
    model_type='NACLIP',
    name_path='./configs/cls_udd5.txt',
    prob_thd=0.4,
    type='SegEarthSegmentation',
    vit_type='ViT-B/16')
optim_wrapper = dict(
    optimizer=dict(lr=0.001, type='Adam'), type='OptimWrapper')
param_scheduler = dict(
    by_epoch=True, gamma=0.1, milestones=[
        30,
        50,
    ], type='MultiStepLR')
resume = False
test_cfg = dict(type='TestLoop')
test_dataloader = dict(
    batch_size=1,
    dataset=dict(
        data_prefix=dict(
            img_path='data/UDD/UDD/UDD5/val/src',
            seg_map_path='data/UDD/UDD/UDD5/val/gt'),
        data_root='',
        pipeline=[
            dict(type='LoadImageFromFile'),
            dict(keep_ratio=True, scale=(
                448,
                448,
            ), type='Resize'),
            dict(type='LoadAnnotations'),
            dict(type='PackSegInputs'),
        ],
        type='UDD5Dataset'),
    num_workers=4,
    sampler=dict(shuffle=False, type='DefaultSampler'))
test_evaluator = dict(
    iou_metrics=[
        'mIoU',
    ], type='IoUMetric')
test_pipeline = [
    dict(type='LoadImageFromFile'),
    dict(keep_ratio=True, scale=(
        448,
        448,
    ), type='Resize'),
    dict(type='LoadAnnotations'),
    dict(type='PackSegInputs'),
]
train_cfg = dict(max_epochs=100, type='EpochBasedTrainLoop', val_interval=5)
train_dataloader = dict(
    batch_size=1,
    dataset=dict(
        data_prefix=dict(
            img_path='data/UDD/UDD/UDD5/train/src',
            seg_map_path='data/UDD/UDD/UDD5/train/gt'),
        data_root='',
        pipeline=[
            dict(type='LoadImageFromFile'),
            dict(type='LoadAnnotations'),
            dict(keep_ratio=True, scale=(
                448,
                448,
            ), type='Resize'),
            dict(prob=0.5, type='RandomFlip'),
            dict(type='PhotoMetricDistortion'),
            dict(type='PackSegInputs'),
        ],
        type='UDD5Dataset'),
    num_workers=4,
    persistent_workers=True,
    sampler=dict(shuffle=True, type='DefaultSampler'))
train_pipeline = [
    dict(type='LoadImageFromFile'),
    dict(type='LoadAnnotations'),
    dict(keep_ratio=True, scale=(
        448,
        448,
    ), type='Resize'),
    dict(prob=0.5, type='RandomFlip'),
    dict(type='PhotoMetricDistortion'),
    dict(type='PackSegInputs'),
]
val_cfg = dict(type='ValLoop')
val_dataloader = dict(
    batch_size=1,
    dataset=dict(
        data_prefix=dict(
            img_path='data/UDD/UDD/UDD5/val/src',
            seg_map_path='data/UDD/UDD/UDD5/val/gt'),
        data_root='',
        pipeline=[
            dict(type='LoadImageFromFile'),
            dict(keep_ratio=True, scale=(
                448,
                448,
            ), type='Resize'),
            dict(type='LoadAnnotations'),
            dict(type='PackSegInputs'),
        ],
        type='UDD5Dataset'),
    num_workers=4,
    persistent_workers=True,
    sampler=dict(shuffle=False, type='DefaultSampler'))
val_evaluator = dict(
    iou_metrics=[
        'mIoU',
    ], type='IoUMetric')
val_pipeline = [
    dict(type='LoadImageFromFile'),
    dict(keep_ratio=True, scale=(
        448,
        448,
    ), type='Resize'),
    dict(type='LoadAnnotations'),
    dict(type='PackSegInputs'),
]
vis_backends = [
    dict(type='LocalVisBackend'),
]
visualizer = dict(
    alpha=0.5,
    name='visualizer',
    type='SegLocalVisualizer',
    vis_backends=[
        dict(type='LocalVisBackend'),
    ])
work_dir = './train_logs/'

2025/06/17 18:01:30 - mmengine - DEBUG - Modules of mmseg's visualizer registry have been automatically imported from mmseg.visualization
2025/06/17 18:01:30 - mmengine - DEBUG - Get class `SegLocalVisualizer` from "visualizer" registry in "mmseg"
2025/06/17 18:01:30 - mmengine - DEBUG - Modules of mmseg's vis_backend registry have been automatically imported from mmseg.visualization
2025/06/17 18:01:30 - mmengine - DEBUG - Get class `LocalVisBackend` from "vis_backend" registry in "mmengine"
2025/06/17 18:01:30 - mmengine - DEBUG - An `LocalVisBackend` instance is built from registry, and its implementation can be found in mmengine.visualization.vis_backend
2025/06/17 18:01:30 - mmengine - DEBUG - An `SegLocalVisualizer` instance is built from registry, and its implementation can be found in mmseg.visualization.local_visualizer
2025/06/17 18:01:30 - mmengine - DEBUG - Attribute `_env_initialized` is not defined in <class 'mmengine.visualization.vis_backend.LocalVisBackend'> or `<class 'mmengine.visualization.vis_backend.LocalVisBackend'>._env_initialized is False, `_init_env` will be called and <class 'mmengine.visualization.vis_backend.LocalVisBackend'>._env_initialized will be set to True
2025/06/17 18:01:31 - mmengine - DEBUG - Modules of mmseg's model registry have been automatically imported from mmseg.models
2025/06/17 18:01:31 - mmengine - DEBUG - Get class `SegEarthSegmentation` from "model" registry in "mmseg"
2025/06/17 18:01:36 - mmengine - DEBUG - An `SegEarthSegmentation` instance is built from registry, and its implementation can be found in segearth_segmentor
2025/06/17 18:01:36 - mmengine - INFO - Distributed training is not used, all SyncBatchNorm (SyncBN) layers in the model will be automatically reverted to BatchNormXd layers if they are used.
2025/06/17 18:01:36 - mmengine - DEBUG - Modules of mmseg's hook registry have been automatically imported from mmseg.engine.hooks
2025/06/17 18:01:36 - mmengine - DEBUG - Get class `RuntimeInfoHook` from "hook" registry in "mmengine"
2025/06/17 18:01:36 - mmengine - DEBUG - An `RuntimeInfoHook` instance is built from registry, and its implementation can be found in mmengine.hooks.runtime_info_hook
2025/06/17 18:01:36 - mmengine - DEBUG - Get class `IterTimerHook` from "hook" registry in "mmengine"
2025/06/17 18:01:36 - mmengine - DEBUG - An `IterTimerHook` instance is built from registry, and its implementation can be found in mmengine.hooks.iter_timer_hook
2025/06/17 18:01:36 - mmengine - DEBUG - Get class `DistSamplerSeedHook` from "hook" registry in "mmengine"
2025/06/17 18:01:36 - mmengine - DEBUG - An `DistSamplerSeedHook` instance is built from registry, and its implementation can be found in mmengine.hooks.sampler_seed_hook
2025/06/17 18:01:36 - mmengine - DEBUG - Get class `LoggerHook` from "hook" registry in "mmengine"
2025/06/17 18:01:36 - mmengine - DEBUG - An `LoggerHook` instance is built from registry, and its implementation can be found in mmengine.hooks.logger_hook
2025/06/17 18:01:36 - mmengine - DEBUG - Get class `ParamSchedulerHook` from "hook" registry in "mmengine"
2025/06/17 18:01:36 - mmengine - DEBUG - An `ParamSchedulerHook` instance is built from registry, and its implementation can be found in mmengine.hooks.param_scheduler_hook
2025/06/17 18:01:36 - mmengine - DEBUG - Get class `CheckpointHook` from "hook" registry in "mmengine"
2025/06/17 18:01:36 - mmengine - DEBUG - An `CheckpointHook` instance is built from registry, and its implementation can be found in mmengine.hooks.checkpoint_hook
2025/06/17 18:01:36 - mmengine - DEBUG - Get class `SegVisualizationHook` from "hook" registry in "mmseg"
2025/06/17 18:01:36 - mmengine - DEBUG - An `SegVisualizationHook` instance is built from registry, and its implementation can be found in mmseg.engine.hooks.visualization_hook
